// Jest Snapshot v1, https://goo.gl/fbAQLP

exports[`renders correctly 1`] = `
<details
  className="govuk-details"
>
  <summary
    className="govuk-details__summary"
  >
    <span
      className="govuk-details__summary-text"
    >
      Help choosing a valid password
    </span>
  </summary>
  <div
    className="govuk-details__text"
  >
    <div>
      <p
        className="govuk-body"
      >
        Your password must:
      </p>
      <ul
        className="govuk-list govuk-list--bullet"
      >
        <li>
          be between 8 and 16 characters
        </li>
        <li>
          include at least one uppercase letter and one lowercase letter
        </li>
        <li>
          include at least one number or one symbol
        </li>
      </ul>
    </div>
  </div>
</details>
`;
