// Jest Snapshot v1, https://goo.gl/fbAQLP

exports[`renders correctly 1`] = `
<div
  id="accountNotFound"
>
  <div>
    <div
      className="govuk-width-container"
    >
      <div
        className="govuk-breadcrumbs"
      >
        <ol
          className="govuk-breadcrumbs__list"
        >
          <li
            className="govuk-breadcrumbs__list-item"
          >
            <a
              className="govuk-breadcrumbs__link"
              href="https://nationalcareers.service.gov.uk/"
            >
              Home
            </a>
          </li>
        </ol>
      </div>
      <main
        className="govuk-main-wrapper"
      >
        <div
          className="govuk-grid-row"
        >
          <div
            className="govuk-grid-column-two-thirds"
          >
            <h1
              className="govuk-heading-xl govuk-!-margin-top-6 govuk-!-margin-bottom-9"
            >
              We have not been able to find your account
            </h1>
            <div>
              <p
                className="govuk-body"
              >
                <a
                  className="govuk-link"
                  href={null}
                  onClick={null}
                >
                  Try again
                </a>
                Â with other details you may have used when you created your account.
              </p>
              <p
                className="govuk-body"
              >
                If you think you could have more than one account, call 0800 100 900. We'll confirm your details and delete any accounts you do not need.
              </p>
              <p
                className="govuk-body"
              >
                If you're unable to recover your registered email address, you'll have to create a new account.
              </p>
            </div>
          </div>
        </div>
      </main>
    </div>
  </div>
</div>
`;
