// Jest Snapshot v1, https://goo.gl/fbAQLP

exports[`renders correctly 1`] = `
<div
  id="enterNewPassword"
>
  <div>
    <div
      className="govuk-width-container"
    >
      <div
        className="govuk-breadcrumbs"
      >
        <ol
          className="govuk-breadcrumbs__list"
        >
          <li
            className="govuk-breadcrumbs__list-item"
          >
            <a
              className="govuk-breadcrumbs__link"
              href="https://nationalcareers.service.gov.uk/"
            >
              Home
            </a>
          </li>
        </ol>
      </div>
      <div
        className="pageLevelErrorContainer hide"
      >
        <div
          aria-labelledby="error-summary-title"
          className="govuk-error-summary"
          data-module="govuk-error-summary"
          role="alert"
          tabIndex="-1"
        >
          <h2
            className="govuk-error-summary__title"
            id="error-summary-title"
          >
            There is a problem
          </h2>
          <div
            className="govuk-error-summary__body"
          >
            <ul
              className="govuk-list govuk-error-summary__list"
              id="errorSummaryItems"
            />
          </div>
        </div>
      </div>
      <main
        className="govuk-main-wrapper"
      >
        <div
          className="govuk-grid-row"
        >
          <div
            className="govuk-grid-column-two-thirds"
          >
            <h1
              className="govuk-heading-xl govuk-!-margin-top-6 govuk-!-margin-bottom-9"
            >
              Reset your password
            </h1>
            <form
              id="customForm"
              noValidate={true}
              onSubmit={[Function]}
            >
              <div>
                <div
                  className="govuk-form-group "
                >
                  <label
                    className="govuk-label"
                    htmlFor="newPasswordCustom"
                  >
                    Create new password
                  </label>
                  <input
                    className="govuk-input govuk-!-width-one-half"
                    id="newPasswordCustom"
                    name="newPassword"
                    noValidate={true}
                    onChange={[Function]}
                    type="password"
                  />
                </div>
                <div
                  className="govuk-form-group"
                >
                  <details
                    className="govuk-details"
                  >
                    <summary
                      className="govuk-details__summary"
                    >
                      <span
                        className="govuk-details__summary-text"
                      >
                        Help choosing a valid password
                      </span>
                    </summary>
                    <div
                      className="govuk-details__text"
                    >
                      <div>
                        <p
                          className="govuk-body"
                        >
                          Your password must:
                        </p>
                        <ul
                          className="govuk-list govuk-list--bullet"
                        >
                          <li>
                            be between 8 and 16 characters
                          </li>
                          <li>
                            include at least one uppercase letter and one lowercase letter
                          </li>
                          <li>
                            include at least one number or one symbol
                          </li>
                        </ul>
                      </div>
                    </div>
                  </details>
                </div>
                <div
                  className="govuk-form-group "
                >
                  <label
                    className="govuk-label"
                    htmlFor="reenteredPasswordCustom"
                  >
                    Re-type password
                  </label>
                  <input
                    className="govuk-input govuk-!-width-one-half"
                    id="reenteredPasswordCustom"
                    name="reenteredPassword"
                    noValidate={true}
                    onChange={[Function]}
                    type="password"
                  />
                </div>
              </div>
              <button
                className="govuk-button"
                id="preSubmit"
                type="submit"
              >
                Reset password
              </button>
            </form>
          </div>
        </div>
      </main>
    </div>
  </div>
</div>
`;
