// Jest Snapshot v1, https://goo.gl/fbAQLP

exports[`renders correctly 1`] = `
<div
  id="createAccount"
>
  <div>
    <div
      className="govuk-width-container"
    >
      <div
        className="govuk-breadcrumbs"
      >
        <ol
          className="govuk-breadcrumbs__list"
        >
          <li
            className="govuk-breadcrumbs__list-item"
          >
            <a
              className="govuk-breadcrumbs__link"
              href="https://nationalcareers.service.gov.uk/"
            >
              Home
            </a>
          </li>
        </ol>
      </div>
      <main
        className="govuk-main-wrapper"
      >
        <div
          className="govuk-grid-row"
        >
          <div
            className="govuk-grid-column-two-thirds"
          >
            <div
              className="pageLevelErrorContainer hide"
            >
              <div
                aria-labelledby="error-summary-title"
                className="govuk-error-summary"
                data-module="govuk-error-summary"
                role="alert"
                tabIndex="-1"
              >
                <h2
                  className="govuk-error-summary__title"
                  id="error-summary-title"
                >
                  There is a problem
                </h2>
                <div
                  className="govuk-error-summary__body"
                >
                  <ul
                    className="govuk-list govuk-error-summary__list"
                    id="errorSummaryItems"
                  />
                </div>
              </div>
            </div>
            <h1
              className="govuk-heading-xl govuk-!-margin-top-6 govuk-!-margin-bottom-9"
            >
              Create an account
            </h1>
            <form
              id="customForm"
              noValidate={true}
              onSubmit={[Function]}
            >
              <div>
                <div
                  className="govuk-form-group "
                >
                  <label
                    className="govuk-label"
                    htmlFor="firstNameCustom"
                  >
                    First name
                  </label>
                  <input
                    className="govuk-input govuk-!-width-one-half"
                    id="firstNameCustom"
                    name="firstName"
                    noValidate={true}
                    onChange={[Function]}
                    type="text"
                  />
                </div>
                <div
                  className="govuk-form-group "
                >
                  <label
                    className="govuk-label"
                    htmlFor="lastNameCustom"
                  >
                    Last name
                  </label>
                  <input
                    className="govuk-input govuk-!-width-one-half"
                    id="lastNameCustom"
                    name="lastName"
                    noValidate={true}
                    onChange={[Function]}
                    type="text"
                  />
                </div>
                <div
                  className="govuk-form-group "
                >
                  <label
                    className="govuk-label"
                    htmlFor="emailCustom"
                  >
                    Email address
                  </label>
                  <span
                    className="govuk-hint"
                    id="email-hint"
                  >
                    You'll need this to sign in to your account
                  </span>
                  <input
                    autoComplete="email"
                    className="govuk-input govuk-!-width-one-half"
                    id="emailCustom"
                    name="email"
                    noValidate={true}
                    onChange={[Function]}
                    spellCheck="false"
                    type="email"
                  />
                </div>
                <div>
                  <div
                    className="govuk-form-group "
                  >
                    <label
                      className="govuk-label"
                      htmlFor="newPasswordCustom"
                    >
                      Create new password
                    </label>
                    <input
                      className="govuk-input govuk-!-width-one-half"
                      id="newPasswordCustom"
                      name="newPassword"
                      noValidate={true}
                      onChange={[Function]}
                      type="password"
                    />
                  </div>
                  <div
                    className="govuk-form-group"
                  >
                    <details
                      className="govuk-details"
                    >
                      <summary
                        className="govuk-details__summary"
                      >
                        <span
                          className="govuk-details__summary-text"
                        >
                          Help choosing a valid password
                        </span>
                      </summary>
                      <div
                        className="govuk-details__text"
                      >
                        <div>
                          <p
                            className="govuk-body"
                          >
                            Your password must:
                          </p>
                          <ul
                            className="govuk-list govuk-list--bullet"
                          >
                            <li>
                              be between 8 and 16 characters
                            </li>
                            <li>
                              include at least one uppercase letter and one lowercase letter
                            </li>
                            <li>
                              include at least one number or one symbol
                            </li>
                          </ul>
                        </div>
                      </div>
                    </details>
                  </div>
                  <div
                    className="govuk-form-group "
                  >
                    <label
                      className="govuk-label"
                      htmlFor="reenteredPasswordCustom"
                    >
                      Re-type password
                    </label>
                    <input
                      className="govuk-input govuk-!-width-one-half"
                      id="reenteredPasswordCustom"
                      name="reenteredPassword"
                      noValidate={true}
                      onChange={[Function]}
                      type="password"
                    />
                  </div>
                </div>
                <div>
                  <h1
                    className="govuk-heading-m"
                  >
                    Terms and conditions
                  </h1>
                  <div
                    className="govuk-form-group "
                  >
                    <label
                      className="block-label"
                      htmlFor="tsAndCsCustom"
                    >
                      <input
                        aria-invalid="true"
                        checked={false}
                        id="tsAndCsCustom"
                        name="tsAndCsAccepted"
                        noValidate={true}
                        onChange={[Function]}
                        type="checkbox"
                        value={true}
                      />
                      I accept the 
                      <a
                        href="https://nationalcareers.service.gov.uk/help/terms-and-conditions"
                        id="tsAndCsLink"
                        rel="noopener noreferrer"
                        target="_blank"
                      >
                        terms and conditions
                      </a>
                       and I am 13 or over
                    </label>
                  </div>
                </div>
              </div>
              <button
                className="govuk-button"
                id="preSubmit"
                type="submit"
              >
                Create an account
              </button>
            </form>
          </div>
        </div>
      </main>
    </div>
  </div>
</div>
`;
