// Jest Snapshot v1, https://goo.gl/fbAQLP

exports[`renders correctly 1`] = `
<button
  className="govuk-header__menu-button govuk-js-header-toggle"
  id="menuToggle"
  type="button"
>
  text
</button>
`;
