// Jest Snapshot v1, https://goo.gl/fbAQLP

exports[`renders correctly 1`] = `
<li
  className="govuk-footer__inline-list-item"
>
  <a
    className="govuk-footer__link"
  >
    this is a test
  </a>
</li>
`;
