// Jest Snapshot v1, https://goo.gl/fbAQLP

exports[`renders correctly 1`] = `
<div
  className="govuk-breadcrumbs"
>
  <ol
    className="govuk-breadcrumbs__list"
  >
    <li
      className="govuk-breadcrumbs__list-item"
    >
      <a
        className="govuk-breadcrumbs__link"
        href="https://nationalcareers.service.gov.uk/"
      >
        Home
      </a>
    </li>
  </ol>
</div>
`;
