// Jest Snapshot v1, https://goo.gl/fbAQLP

exports[`renders correctly 1`] = `
<p
  className="govuk-body"
>
  this is a test
  <a>
    with a link in it
  </a>
</p>
`;
